// Jest Snapshot v1, https://goo.gl/fbAQLP

exports[`Testing al cliente Es Ricardo 1`] = `
Object {
  "balance": 500,
  "nombre": "Ricardo Z",
  "tipo": "Premium",
}
`;
